[2026-03-01 17:39:23] [INFO    ] discord.client: logging in using static token
[2026-03-01 17:39:24] [INFO    ] discord.gateway: Shard ID None has connected to Gateway (Session ID: ec063a8ba760f3a00d129685c21db3b7).
[2026-03-01 17:59:12] [INFO    ] discord.client: logging in using static token
[2026-03-01 17:59:13] [INFO    ] discord.gateway: Shard ID None has connected to Gateway (Session ID: 6aac67f0a4dc8e86d6f0f089f69941ba).
[2026-03-01 20:51:51] [INFO    ] discord.gateway: Shard ID None has successfully RESUMED session 6aac67f0a4dc8e86d6f0f089f69941ba.
[2026-03-02 07:54:16] [WARNING ] discord.gateway: Shard ID None has stopped responding to the gateway. Closing and restarting.
[2026-03-02 07:54:20] [INFO    ] discord.gateway: Shard ID None session has been invalidated.
[2026-03-02 07:54:26] [INFO    ] discord.gateway: Shard ID None has connected to Gateway (Session ID: 8cf6ac4b69187c2ee85be8cb752d8fec).
[2026-03-02 09:26:13] [INFO    ] discord.gateway: Shard ID None has successfully RESUMED session 8cf6ac4b69187c2ee85be8cb752d8fec.
[2026-03-02 10:07:28] [INFO    ] discord.gateway: Shard ID None has successfully RESUMED session 8cf6ac4b69187c2ee85be8cb752d8fec.
[2026-03-02 11:51:25] [INFO    ] discord.gateway: Shard ID None has successfully RESUMED session 8cf6ac4b69187c2ee85be8cb752d8fec.
[2026-03-02 13:23:50] [INFO    ] discord.gateway: Shard ID None has successfully RESUMED session 8cf6ac4b69187c2ee85be8cb752d8fec.
[2026-03-02 16:47:43] [INFO    ] discord.gateway: Shard ID None has successfully RESUMED session 8cf6ac4b69187c2ee85be8cb752d8fec.
[2026-03-02 17:04:27] [INFO    ] discord.gateway: Shard ID None has successfully RESUMED session 8cf6ac4b69187c2ee85be8cb752d8fec.
[2026-03-02 17:49:18] [INFO    ] discord.gateway: Shard ID None has successfully RESUMED session 8cf6ac4b69187c2ee85be8cb752d8fec.
[2026-03-02 18:18:25] [INFO    ] discord.gateway: Shard ID None has successfully RESUMED session 8cf6ac4b69187c2ee85be8cb752d8fec.
[2026-03-02 19:29:34] [INFO    ] discord.client: logging in using static token
[2026-03-02 19:29:34] [INFO    ] discord.gateway: Shard ID None has connected to Gateway (Session ID: 9c0f8ddeab8afe9d9f161e1c3b0d8528).
[2026-03-03 08:05:44] [WARNING ] discord.gateway: Shard ID None has stopped responding to the gateway. Closing and restarting.
[2026-03-03 08:05:44] [INFO    ] discord.gateway: Shard ID None session has been invalidated.
[2026-03-03 08:05:50] [INFO    ] discord.gateway: Shard ID None has connected to Gateway (Session ID: 3d874d802c8672b7dba63e413a02bb05).
[2026-03-03 09:04:37] [INFO    ] discord.gateway: Shard ID None has successfully RESUMED session 3d874d802c8672b7dba63e413a02bb05.
[2026-03-03 10:06:49] [INFO    ] discord.gateway: Shard ID None has successfully RESUMED session 3d874d802c8672b7dba63e413a02bb05.
[2026-03-03 10:13:46] [INFO    ] discord.gateway: Shard ID None has successfully RESUMED session 3d874d802c8672b7dba63e413a02bb05.
[2026-03-03 11:09:25] [INFO    ] discord.gateway: Shard ID None has successfully RESUMED session 3d874d802c8672b7dba63e413a02bb05.
[2026-03-03 11:33:41] [INFO    ] discord.gateway: Shard ID None has successfully RESUMED session 3d874d802c8672b7dba63e413a02bb05.
[2026-03-03 12:17:54] [WARNING ] discord.gateway: Can't keep up, shard ID None websocket is 12.2s behind.
[2026-03-03 12:18:55] [INFO    ] discord.gateway: Shard ID None has successfully RESUMED session 3d874d802c8672b7dba63e413a02bb05.
[2026-03-03 13:00:20] [INFO    ] discord.client: logging in using static token
[2026-03-03 13:00:20] [INFO    ] discord.gateway: Shard ID None has connected to Gateway (Session ID: 87b23251c8634bbc272942e6a195d09b).
[2026-03-03 15:14:11] [INFO    ] discord.gateway: Shard ID None has successfully RESUMED session 87b23251c8634bbc272942e6a195d09b.
[2026-03-03 16:33:45] [INFO    ] discord.gateway: Shard ID None has successfully RESUMED session 87b23251c8634bbc272942e6a195d09b.
[2026-03-03 19:10:16] [INFO    ] discord.client: logging in using static token
[2026-03-03 19:10:17] [INFO    ] discord.gateway: Shard ID None has connected to Gateway (Session ID: 2710c31661ae4dcb17c1d3331c83f03a).
[2026-03-03 19:29:24] [INFO    ] discord.gateway: Shard ID None has successfully RESUMED session 2710c31661ae4dcb17c1d3331c83f03a.
[2026-03-03 20:53:27] [INFO    ] discord.gateway: Shard ID None has successfully RESUMED session 2710c31661ae4dcb17c1d3331c83f03a.
[2026-03-04 08:05:31] [INFO    ] discord.client: logging in using static token
[2026-03-04 08:05:31] [INFO    ] discord.gateway: Shard ID None has connected to Gateway (Session ID: 769b2579709f64745d86307113cac12b).
[2026-03-04 08:22:21] [INFO    ] discord.gateway: Shard ID None has successfully RESUMED session 769b2579709f64745d86307113cac12b.
[2026-03-04 10:02:37] [INFO    ] discord.gateway: Shard ID None has successfully RESUMED session 769b2579709f64745d86307113cac12b.
[2026-03-04 10:45:04] [INFO    ] discord.gateway: Shard ID None has successfully RESUMED session 769b2579709f64745d86307113cac12b.
[2026-03-04 12:10:28] [INFO    ] discord.gateway: Shard ID None has successfully RESUMED session 769b2579709f64745d86307113cac12b.
[2026-03-04 13:22:50] [INFO    ] discord.gateway: Shard ID None has successfully RESUMED session 769b2579709f64745d86307113cac12b.
[2026-03-04 15:05:50] [INFO    ] discord.gateway: Shard ID None has successfully RESUMED session 769b2579709f64745d86307113cac12b.
[2026-03-04 16:17:35] [INFO    ] discord.gateway: Shard ID None has successfully RESUMED session 769b2579709f64745d86307113cac12b.
[2026-03-04 17:23:08] [INFO    ] discord.gateway: Shard ID None has successfully RESUMED session 769b2579709f64745d86307113cac12b.
[2026-03-04 18:04:50] [INFO    ] discord.gateway: Shard ID None has successfully RESUMED session 769b2579709f64745d86307113cac12b.
[2026-03-04 18:07:15] [INFO    ] discord.gateway: Shard ID None has successfully RESUMED session 769b2579709f64745d86307113cac12b.
[2026-03-04 18:35:53] [INFO    ] discord.gateway: Shard ID None has successfully RESUMED session 769b2579709f64745d86307113cac12b.
[2026-03-04 19:07:13] [INFO    ] discord.gateway: Shard ID None has successfully RESUMED session 769b2579709f64745d86307113cac12b.
[2026-03-04 19:45:06] [INFO    ] discord.gateway: Shard ID None has successfully RESUMED session 769b2579709f64745d86307113cac12b.
[2026-03-05 08:16:39] [WARNING ] discord.gateway: Shard ID None has stopped responding to the gateway. Closing and restarting.
[2026-03-05 08:16:39] [INFO    ] discord.gateway: Shard ID None session has been invalidated.
[2026-03-05 08:16:44] [INFO    ] discord.gateway: Shard ID None has connected to Gateway (Session ID: 6e6b132892c103975243d6fdc795639b).
[2026-03-05 09:40:13] [INFO    ] discord.gateway: Shard ID None has successfully RESUMED session 6e6b132892c103975243d6fdc795639b.
[2026-03-05 10:08:07] [INFO    ] discord.gateway: Shard ID None has successfully RESUMED session 6e6b132892c103975243d6fdc795639b.
[2026-03-05 12:29:40] [INFO    ] discord.gateway: Shard ID None has successfully RESUMED session 6e6b132892c103975243d6fdc795639b.
[2026-03-05 15:51:07] [INFO    ] discord.gateway: Shard ID None has successfully RESUMED session 6e6b132892c103975243d6fdc795639b.
[2026-03-05 16:26:34] [INFO    ] discord.gateway: Shard ID None has successfully RESUMED session 6e6b132892c103975243d6fdc795639b.
[2026-03-05 17:21:18] [INFO    ] discord.gateway: Shard ID None has successfully RESUMED session 6e6b132892c103975243d6fdc795639b.
[2026-03-05 18:13:26] [INFO    ] discord.gateway: Shard ID None has successfully RESUMED session 6e6b132892c103975243d6fdc795639b.
[2026-03-05 19:45:19] [INFO    ] discord.gateway: Shard ID None has successfully RESUMED session 6e6b132892c103975243d6fdc795639b.
[2026-03-05 22:27:34] [INFO    ] discord.gateway: Shard ID None has successfully RESUMED session 6e6b132892c103975243d6fdc795639b.
[2026-03-05 23:33:45] [INFO    ] discord.gateway: Shard ID None has successfully RESUMED session 6e6b132892c103975243d6fdc795639b.
[2026-03-06 08:20:27] [WARNING ] discord.gateway: Shard ID None has stopped responding to the gateway. Closing and restarting.
[2026-03-06 08:20:27] [INFO    ] discord.gateway: Shard ID None session has been invalidated.
[2026-03-06 08:20:32] [INFO    ] discord.gateway: Shard ID None has connected to Gateway (Session ID: ea5952ac29a8f0748f3bab788632b282).
[2026-03-06 10:52:30] [INFO    ] discord.gateway: Shard ID None has successfully RESUMED session ea5952ac29a8f0748f3bab788632b282.
[2026-03-06 13:02:20] [INFO    ] discord.gateway: Shard ID None has successfully RESUMED session ea5952ac29a8f0748f3bab788632b282.
[2026-03-06 14:50:05] [INFO    ] discord.gateway: Shard ID None has successfully RESUMED session ea5952ac29a8f0748f3bab788632b282.
[2026-03-06 15:07:21] [INFO    ] discord.gateway: Shard ID None has successfully RESUMED session ea5952ac29a8f0748f3bab788632b282.
[2026-03-06 15:19:51] [INFO    ] discord.gateway: Shard ID None has successfully RESUMED session ea5952ac29a8f0748f3bab788632b282.
[2026-03-06 15:22:22] [INFO    ] discord.gateway: Shard ID None has successfully RESUMED session ea5952ac29a8f0748f3bab788632b282.
[2026-03-06 15:43:02] [INFO    ] discord.gateway: Shard ID None has successfully RESUMED session ea5952ac29a8f0748f3bab788632b282.
[2026-03-06 19:00:44] [INFO    ] discord.gateway: Shard ID None has successfully RESUMED session ea5952ac29a8f0748f3bab788632b282.
[2026-03-07 11:03:39] [INFO    ] discord.gateway: Shard ID None session has been invalidated.
[2026-03-07 11:03:45] [INFO    ] discord.gateway: Shard ID None has connected to Gateway (Session ID: a0d750d0aa9215c145774492f97b685f).
[2026-03-07 14:41:06] [INFO    ] discord.gateway: Shard ID None has successfully RESUMED session a0d750d0aa9215c145774492f97b685f.
[2026-03-07 16:17:39] [INFO    ] discord.gateway: Shard ID None has successfully RESUMED session a0d750d0aa9215c145774492f97b685f.
[2026-03-07 16:57:21] [INFO    ] discord.gateway: Shard ID None has successfully RESUMED session a0d750d0aa9215c145774492f97b685f.
[2026-03-07 18:19:40] [INFO    ] discord.gateway: Shard ID None has successfully RESUMED session a0d750d0aa9215c145774492f97b685f.
[2026-03-07 19:41:28] [INFO    ] discord.gateway: Shard ID None has successfully RESUMED session a0d750d0aa9215c145774492f97b685f.
[2026-03-07 21:59:03] [INFO    ] discord.gateway: Shard ID None has successfully RESUMED session a0d750d0aa9215c145774492f97b685f.
[2026-03-07 23:37:48] [INFO    ] discord.gateway: Shard ID None has successfully RESUMED session a0d750d0aa9215c145774492f97b685f.
[2026-03-08 00:06:39] [INFO    ] discord.gateway: Shard ID None has successfully RESUMED session a0d750d0aa9215c145774492f97b685f.
[2026-03-08 00:42:40] [INFO    ] discord.gateway: Shard ID None has successfully RESUMED session a0d750d0aa9215c145774492f97b685f.
[2026-03-08 12:29:00] [WARNING ] discord.gateway: Shard ID None has stopped responding to the gateway. Closing and restarting.
[2026-03-08 12:29:00] [INFO    ] discord.gateway: Shard ID None session has been invalidated.
[2026-03-08 12:29:06] [INFO    ] discord.gateway: Shard ID None has connected to Gateway (Session ID: ca834b00dd97c915b8d02efce18c262a).
[2026-03-08 16:13:27] [INFO    ] discord.gateway: Shard ID None has successfully RESUMED session ca834b00dd97c915b8d02efce18c262a.
[2026-03-08 20:04:54] [INFO    ] discord.gateway: Shard ID None has successfully RESUMED session ca834b00dd97c915b8d02efce18c262a.
[2026-03-08 21:41:36] [INFO    ] discord.client: logging in using static token
[2026-03-08 21:41:37] [INFO    ] discord.gateway: Shard ID None has connected to Gateway (Session ID: d458bd328a73f1e4ee7fd1b86ca4674b).
[2026-03-09 08:14:04] [INFO    ] discord.client: logging in using static token
[2026-03-09 08:14:05] [INFO    ] discord.gateway: Shard ID None has connected to Gateway (Session ID: 7f469e25063d84fcc68fe93eaf50a475).
[2026-03-09 10:55:11] [INFO    ] discord.client: logging in using static token
[2026-03-09 10:55:12] [INFO    ] discord.gateway: Shard ID None has connected to Gateway (Session ID: 6dcc42a8dc456df2a99e56461f1e96c3).
[2026-03-09 11:16:30] [WARNING ] discord.gateway: Can't keep up, shard ID None websocket is 40.7s behind.
[2026-03-09 13:07:00] [INFO    ] discord.gateway: Shard ID None has successfully RESUMED session 6dcc42a8dc456df2a99e56461f1e96c3.
[2026-03-09 13:09:40] [INFO    ] discord.gateway: Shard ID None has successfully RESUMED session 6dcc42a8dc456df2a99e56461f1e96c3.
[2026-03-09 13:49:30] [INFO    ] discord.gateway: Shard ID None has successfully RESUMED session 6dcc42a8dc456df2a99e56461f1e96c3.
[2026-03-09 14:18:25] [INFO    ] discord.gateway: Shard ID None has successfully RESUMED session 6dcc42a8dc456df2a99e56461f1e96c3.
[2026-03-09 14:18:40] [INFO    ] discord.gateway: Shard ID None has successfully RESUMED session 6dcc42a8dc456df2a99e56461f1e96c3.
[2026-03-09 15:18:55] [INFO    ] discord.gateway: Shard ID None has successfully RESUMED session 6dcc42a8dc456df2a99e56461f1e96c3.
[2026-03-09 15:51:34] [INFO    ] discord.gateway: Shard ID None has successfully RESUMED session 6dcc42a8dc456df2a99e56461f1e96c3.
[2026-03-09 17:17:46] [INFO    ] discord.gateway: Shard ID None has successfully RESUMED session 6dcc42a8dc456df2a99e56461f1e96c3.
[2026-03-10 08:16:07] [INFO    ] discord.gateway: Shard ID None session has been invalidated.
[2026-03-10 08:16:13] [INFO    ] discord.gateway: Shard ID None has connected to Gateway (Session ID: 667a644aa69366b3eace96762f92d057).
[2026-03-10 09:21:07] [INFO    ] discord.gateway: Shard ID None has successfully RESUMED session 667a644aa69366b3eace96762f92d057.
[2026-03-10 11:36:51] [INFO    ] discord.gateway: Shard ID None has successfully RESUMED session 667a644aa69366b3eace96762f92d057.
[2026-03-10 15:26:19] [INFO    ] discord.gateway: Shard ID None has successfully RESUMED session 667a644aa69366b3eace96762f92d057.
[2026-03-10 16:28:37] [INFO    ] discord.gateway: Shard ID None has successfully RESUMED session 667a644aa69366b3eace96762f92d057.
[2026-03-10 19:56:07] [INFO    ] discord.gateway: Shard ID None has successfully RESUMED session 667a644aa69366b3eace96762f92d057.
[2026-03-11 08:05:56] [WARNING ] discord.gateway: Shard ID None has stopped responding to the gateway. Closing and restarting.
[2026-03-11 08:05:56] [INFO    ] discord.gateway: Shard ID None session has been invalidated.
[2026-03-11 08:06:02] [INFO    ] discord.gateway: Shard ID None has connected to Gateway (Session ID: 70a63fc3d2f305f663de95f4afd99f07).
[2026-03-11 08:38:44] [INFO    ] discord.client: logging in using static token
[2026-03-11 08:38:45] [INFO    ] discord.gateway: Shard ID None has connected to Gateway (Session ID: b1fbc09778912a236a6a5d5fe5f7adbd).
[2026-03-11 08:39:44] [INFO    ] discord.client: logging in using static token
[2026-03-11 08:39:45] [INFO    ] discord.gateway: Shard ID None has connected to Gateway (Session ID: b45ad4bba7264c586fa164cf8788ee31).
[2026-03-11 11:06:30] [INFO    ] discord.gateway: Shard ID None has successfully RESUMED session b45ad4bba7264c586fa164cf8788ee31.
[2026-03-11 12:12:21] [INFO    ] discord.gateway: Shard ID None has successfully RESUMED session b45ad4bba7264c586fa164cf8788ee31.
[2026-03-11 15:43:22] [INFO    ] discord.gateway: Shard ID None has successfully RESUMED session b45ad4bba7264c586fa164cf8788ee31.
[2026-03-11 16:48:41] [INFO    ] discord.gateway: Shard ID None has successfully RESUMED session b45ad4bba7264c586fa164cf8788ee31.
[2026-03-12 07:57:12] [INFO    ] discord.client: logging in using static token
[2026-03-12 07:57:13] [INFO    ] discord.gateway: Shard ID None has connected to Gateway (Session ID: eb5941361e9e9facc967bddcda68e3a2).
[2026-03-13 08:02:48] [INFO    ] discord.client: logging in using static token
[2026-03-13 08:02:48] [INFO    ] discord.gateway: Shard ID None has connected to Gateway (Session ID: d241b24b255eb2ad2b1a3eff17cc5597).
[2026-03-13 10:10:49] [INFO    ] discord.gateway: Shard ID None has successfully RESUMED session d241b24b255eb2ad2b1a3eff17cc5597.
[2026-03-13 11:10:19] [INFO    ] discord.gateway: Shard ID None has successfully RESUMED session d241b24b255eb2ad2b1a3eff17cc5597.
[2026-03-13 12:15:37] [INFO    ] discord.gateway: Shard ID None has successfully RESUMED session d241b24b255eb2ad2b1a3eff17cc5597.
[2026-03-13 15:03:47] [INFO    ] discord.gateway: Shard ID None has successfully RESUMED session d241b24b255eb2ad2b1a3eff17cc5597.
[2026-03-13 15:28:17] [INFO    ] discord.gateway: Shard ID None has successfully RESUMED session d241b24b255eb2ad2b1a3eff17cc5597.
[2026-03-13 16:05:44] [INFO    ] discord.gateway: Shard ID None has successfully RESUMED session d241b24b255eb2ad2b1a3eff17cc5597.
[2026-03-13 18:40:55] [INFO    ] discord.gateway: Shard ID None has successfully RESUMED session d241b24b255eb2ad2b1a3eff17cc5597.
[2026-03-13 19:42:34] [INFO    ] discord.gateway: Shard ID None has successfully RESUMED session d241b24b255eb2ad2b1a3eff17cc5597.
[2026-03-13 20:02:50] [INFO    ] discord.gateway: Shard ID None has successfully RESUMED session d241b24b255eb2ad2b1a3eff17cc5597.
[2026-03-13 22:07:42] [INFO    ] discord.gateway: Shard ID None has successfully RESUMED session d241b24b255eb2ad2b1a3eff17cc5597.
[2026-03-16 08:00:56] [ERROR   ] discord.client: Attempting a reconnect in 1.83s
Traceback (most recent call last):
  File "C:\Users\erins\AppData\Local\Programs\Python\Python312\Lib\site-packages\aiohttp\connector.py", line 1203, in _create_direct_connection
    hosts = await self._resolve_host(host, port, traces=traces)
            ^^^^^^^^^^^^^^^^^^^^^^^^^^^^^^^^^^^^^^^^^^^^^^^^^^^
  File "C:\Users\erins\AppData\Local\Programs\Python\Python312\Lib\site-packages\aiohttp\connector.py", line 880, in _resolve_host
    return await asyncio.shield(resolved_host_task)
           ^^^^^^^^^^^^^^^^^^^^^^^^^^^^^^^^^^^^^^^^
  File "C:\Users\erins\AppData\Local\Programs\Python\Python312\Lib\site-packages\aiohttp\connector.py", line 917, in _resolve_host_with_throttle
    addrs = await self._resolver.resolve(host, port, family=self._family)
            ^^^^^^^^^^^^^^^^^^^^^^^^^^^^^^^^^^^^^^^^^^^^^^^^^^^^^^^^^^^^^
  File "C:\Users\erins\AppData\Local\Programs\Python\Python312\Lib\site-packages\aiohttp\resolver.py", line 33, in resolve
    infos = await self._loop.getaddrinfo(
            ^^^^^^^^^^^^^^^^^^^^^^^^^^^^^
  File "C:\Users\erins\AppData\Local\Programs\Python\Python312\Lib\asyncio\base_events.py", line 900, in getaddrinfo
    return await self.run_in_executor(
           ^^^^^^^^^^^^^^^^^^^^^^^^^^^
  File "C:\Users\erins\AppData\Local\Programs\Python\Python312\Lib\concurrent\futures\thread.py", line 59, in run
    result = self.fn(*self.args, **self.kwargs)
             ^^^^^^^^^^^^^^^^^^^^^^^^^^^^^^^^^^
  File "C:\Users\erins\AppData\Local\Programs\Python\Python312\Lib\socket.py", line 976, in getaddrinfo
    for res in _socket.getaddrinfo(host, port, family, type, proto, flags):
               ^^^^^^^^^^^^^^^^^^^^^^^^^^^^^^^^^^^^^^^^^^^^^^^^^^^^^^^^^^^
socket.gaierror: [Errno 11001] getaddrinfo failed

The above exception was the direct cause of the following exception:

Traceback (most recent call last):
  File "C:\Users\erins\AppData\Local\Programs\Python\Python312\Lib\site-packages\discord\client.py", line 656, in connect
    self.ws = await asyncio.wait_for(coro, timeout=60.0)
              ^^^^^^^^^^^^^^^^^^^^^^^^^^^^^^^^^^^^^^^^^^
  File "C:\Users\erins\AppData\Local\Programs\Python\Python312\Lib\asyncio\tasks.py", line 520, in wait_for
    return await fut
           ^^^^^^^^^
  File "C:\Users\erins\AppData\Local\Programs\Python\Python312\Lib\site-packages\discord\gateway.py", line 372, in from_client
    socket = await client.http.ws_connect(str(url))
             ^^^^^^^^^^^^^^^^^^^^^^^^^^^^^^^^^^^^^^
  File "C:\Users\erins\AppData\Local\Programs\Python\Python312\Lib\site-packages\discord\http.py", line 537, in ws_connect
    return await self.__session.ws_connect(url, **kwargs)
           ^^^^^^^^^^^^^^^^^^^^^^^^^^^^^^^^^^^^^^^^^^^^^^
  File "C:\Users\erins\AppData\Local\Programs\Python\Python312\Lib\site-packages\aiohttp\client.py", line 835, in _ws_connect
    resp = await self.request(
           ^^^^^^^^^^^^^^^^^^^
  File "C:\Users\erins\AppData\Local\Programs\Python\Python312\Lib\site-packages\aiohttp\client.py", line 581, in _request
    conn = await self._connector.connect(
           ^^^^^^^^^^^^^^^^^^^^^^^^^^^^^^
  File "C:\Users\erins\AppData\Local\Programs\Python\Python312\Lib\site-packages\aiohttp\connector.py", line 544, in connect
    proto = await self._create_connection(req, traces, timeout)
            ^^^^^^^^^^^^^^^^^^^^^^^^^^^^^^^^^^^^^^^^^^^^^^^^^^^
  File "C:\Users\erins\AppData\Local\Programs\Python\Python312\Lib\site-packages\aiohttp\connector.py", line 944, in _create_connection
    _, proto = await self._create_direct_connection(req, traces, timeout)
               ^^^^^^^^^^^^^^^^^^^^^^^^^^^^^^^^^^^^^^^^^^^^^^^^^^^^^^^^^^
  File "C:\Users\erins\AppData\Local\Programs\Python\Python312\Lib\site-packages\aiohttp\connector.py", line 1209, in _create_direct_connection
    raise ClientConnectorError(req.connection_key, exc) from exc
aiohttp.client_exceptions.ClientConnectorError: Cannot connect to host gateway-us-east1-c.discord.gg:443 ssl:default [getaddrinfo failed]
[2026-03-16 08:00:59] [INFO    ] discord.gateway: Shard ID None session has been invalidated.
[2026-03-16 08:01:04] [INFO    ] discord.gateway: Shard ID None has connected to Gateway (Session ID: 00e63b4470e7b96f69747307f8860a9b).
[2026-03-16 11:24:48] [INFO    ] discord.gateway: Shard ID None has successfully RESUMED session 00e63b4470e7b96f69747307f8860a9b.
[2026-03-16 12:09:12] [INFO    ] discord.gateway: Shard ID None has successfully RESUMED session 00e63b4470e7b96f69747307f8860a9b.
[2026-03-16 15:03:23] [INFO    ] discord.gateway: Shard ID None has successfully RESUMED session 00e63b4470e7b96f69747307f8860a9b.
[2026-03-16 15:51:46] [INFO    ] discord.gateway: Shard ID None has successfully RESUMED session 00e63b4470e7b96f69747307f8860a9b.
[2026-03-16 16:58:41] [INFO    ] discord.gateway: Shard ID None has successfully RESUMED session 00e63b4470e7b96f69747307f8860a9b.
[2026-03-16 17:54:12] [INFO    ] discord.gateway: Shard ID None has successfully RESUMED session 00e63b4470e7b96f69747307f8860a9b.
[2026-03-16 19:04:41] [INFO    ] discord.gateway: Shard ID None has successfully RESUMED session 00e63b4470e7b96f69747307f8860a9b.
[2026-03-16 19:07:15] [INFO    ] discord.gateway: Shard ID None has successfully RESUMED session 00e63b4470e7b96f69747307f8860a9b.
[2026-03-17 12:26:01] [WARNING ] discord.gateway: Shard ID None has stopped responding to the gateway. Closing and restarting.
[2026-03-17 12:26:01] [INFO    ] discord.gateway: Shard ID None session has been invalidated.
[2026-03-17 12:26:07] [INFO    ] discord.gateway: Shard ID None has connected to Gateway (Session ID: d379fb7c7c42af2f459f754712457d06).
[2026-03-17 14:07:23] [INFO    ] discord.gateway: Shard ID None has successfully RESUMED session d379fb7c7c42af2f459f754712457d06.
[2026-03-17 15:43:52] [INFO    ] discord.gateway: Shard ID None has successfully RESUMED session d379fb7c7c42af2f459f754712457d06.
[2026-03-18 07:57:00] [INFO    ] discord.client: logging in using static token
[2026-03-18 07:57:01] [INFO    ] discord.gateway: Shard ID None has connected to Gateway (Session ID: 8ae70e612fb9fd4deb069cdf45c7ceac).
[2026-03-18 09:14:46] [INFO    ] discord.gateway: Shard ID None has successfully RESUMED session 8ae70e612fb9fd4deb069cdf45c7ceac.
[2026-03-18 09:33:50] [INFO    ] discord.gateway: Shard ID None has successfully RESUMED session 8ae70e612fb9fd4deb069cdf45c7ceac.
[2026-03-18 12:41:28] [INFO    ] discord.gateway: Shard ID None has successfully RESUMED session 8ae70e612fb9fd4deb069cdf45c7ceac.
[2026-03-18 14:09:44] [INFO    ] discord.gateway: Shard ID None has successfully RESUMED session 8ae70e612fb9fd4deb069cdf45c7ceac.
[2026-03-18 14:59:22] [INFO    ] discord.gateway: Shard ID None has successfully RESUMED session 8ae70e612fb9fd4deb069cdf45c7ceac.
[2026-03-18 15:37:58] [INFO    ] discord.gateway: Shard ID None has successfully RESUMED session 8ae70e612fb9fd4deb069cdf45c7ceac.
[2026-03-18 16:09:09] [INFO    ] discord.gateway: Shard ID None has successfully RESUMED session 8ae70e612fb9fd4deb069cdf45c7ceac.
[2026-03-18 16:27:38] [INFO    ] discord.gateway: Shard ID None has successfully RESUMED session 8ae70e612fb9fd4deb069cdf45c7ceac.
[2026-03-18 19:32:06] [INFO    ] discord.gateway: Shard ID None has successfully RESUMED session 8ae70e612fb9fd4deb069cdf45c7ceac.
[2026-03-18 20:42:41] [INFO    ] discord.gateway: Shard ID None has successfully RESUMED session 8ae70e612fb9fd4deb069cdf45c7ceac.
[2026-03-18 21:47:15] [INFO    ] discord.gateway: Shard ID None has successfully RESUMED session 8ae70e612fb9fd4deb069cdf45c7ceac.
[2026-03-20 16:24:22] [INFO    ] discord.client: logging in using static token
[2026-03-20 16:24:23] [INFO    ] discord.gateway: Shard ID None has connected to Gateway (Session ID: 8e56a8c13f738d8d90c15c97133caa5a).
[2026-03-20 18:10:23] [INFO    ] discord.gateway: Shard ID None has successfully RESUMED session 8e56a8c13f738d8d90c15c97133caa5a.
[2026-03-20 20:02:58] [INFO    ] discord.gateway: Shard ID None has successfully RESUMED session 8e56a8c13f738d8d90c15c97133caa5a.
[2026-03-20 22:28:26] [INFO    ] discord.gateway: Shard ID None has successfully RESUMED session 8e56a8c13f738d8d90c15c97133caa5a.
[2026-03-21 19:14:18] [INFO    ] discord.client: logging in using static token
[2026-03-21 19:14:19] [INFO    ] discord.gateway: Shard ID None has connected to Gateway (Session ID: 1308310a7621e3f6164525a0763c4a25).
[2026-03-21 19:57:37] [ERROR   ] discord.ext.commands.bot: Ignoring exception in command None
discord.ext.commands.errors.CommandNotFound: Command "prune" is not found
[2026-03-21 20:01:38] [ERROR   ] discord.ext.commands.bot: Ignoring exception in command None
discord.ext.commands.errors.CommandNotFound: Command "prune" is not found
[2026-03-21 20:02:41] [ERROR   ] discord.ext.commands.bot: Ignoring exception in command None
discord.ext.commands.errors.CommandNotFound: Command "prune" is not found
[2026-03-21 20:02:48] [INFO    ] discord.gateway: Shard ID None has successfully RESUMED session 1308310a7621e3f6164525a0763c4a25.
[2026-03-21 21:26:09] [INFO    ] discord.gateway: Shard ID None has successfully RESUMED session 1308310a7621e3f6164525a0763c4a25.
[2026-03-21 22:24:36] [ERROR   ] discord.ext.commands.bot: Ignoring exception in command None
discord.ext.commands.errors.CommandNotFound: Command "prune" is not found
[2026-03-21 23:11:42] [INFO    ] discord.client: logging in using static token
[2026-03-21 23:11:43] [INFO    ] discord.gateway: Shard ID None has connected to Gateway (Session ID: 1855711580be13e1a8484eb8ea9789c1).
[2026-03-23 07:03:06] [INFO    ] discord.client: logging in using static token
[2026-03-23 07:03:07] [INFO    ] discord.gateway: Shard ID None has connected to Gateway (Session ID: 9ce439842bc3c365f22c85a203c766e5).
[2026-03-23 07:33:54] [INFO    ] discord.gateway: Shard ID None has successfully RESUMED session 9ce439842bc3c365f22c85a203c766e5.
[2026-03-23 07:38:40] [INFO    ] discord.client: logging in using static token
[2026-03-23 07:38:40] [INFO    ] discord.gateway: Shard ID None has connected to Gateway (Session ID: ef3b5632807606e143ddefe4d22c03bd).
[2026-03-23 10:33:30] [INFO    ] discord.gateway: Shard ID None has successfully RESUMED session ef3b5632807606e143ddefe4d22c03bd.
[2026-03-23 14:06:40] [INFO    ] discord.gateway: Shard ID None has successfully RESUMED session ef3b5632807606e143ddefe4d22c03bd.
[2026-03-23 15:26:46] [INFO    ] discord.gateway: Shard ID None has successfully RESUMED session ef3b5632807606e143ddefe4d22c03bd.
[2026-03-23 15:29:55] [INFO    ] discord.gateway: Shard ID None has successfully RESUMED session ef3b5632807606e143ddefe4d22c03bd.
[2026-03-23 16:21:27] [INFO    ] discord.gateway: Shard ID None has successfully RESUMED session ef3b5632807606e143ddefe4d22c03bd.
[2026-03-23 19:16:28] [INFO    ] discord.gateway: Shard ID None has successfully RESUMED session ef3b5632807606e143ddefe4d22c03bd.
[2026-03-23 19:53:41] [INFO    ] discord.gateway: Shard ID None has successfully RESUMED session ef3b5632807606e143ddefe4d22c03bd.
[2026-03-23 19:54:09] [INFO    ] discord.gateway: Shard ID None has successfully RESUMED session ef3b5632807606e143ddefe4d22c03bd.
[2026-03-24 05:00:54] [INFO    ] discord.client: logging in using static token
[2026-03-24 05:00:56] [INFO    ] discord.gateway: Shard ID None has connected to Gateway (Session ID: 5b8fd75d8941615beddd98859b391bac).
[2026-03-24 05:24:32] [INFO    ] discord.gateway: Shard ID None has successfully RESUMED session 5b8fd75d8941615beddd98859b391bac.
[2026-03-24 05:40:40] [INFO    ] discord.gateway: Shard ID None has successfully RESUMED session 5b8fd75d8941615beddd98859b391bac.
[2026-03-24 07:27:17] [INFO    ] discord.gateway: Shard ID None has successfully RESUMED session 5b8fd75d8941615beddd98859b391bac.
[2026-03-24 10:56:05] [INFO    ] discord.gateway: Shard ID None has successfully RESUMED session 5b8fd75d8941615beddd98859b391bac.
[2026-03-24 12:31:51] [INFO    ] discord.gateway: Shard ID None has successfully RESUMED session 5b8fd75d8941615beddd98859b391bac.
[2026-03-24 13:06:17] [INFO    ] discord.gateway: Shard ID None has successfully RESUMED session 5b8fd75d8941615beddd98859b391bac.
[2026-03-24 14:58:18] [INFO    ] discord.gateway: Shard ID None has successfully RESUMED session 5b8fd75d8941615beddd98859b391bac.
[2026-03-24 17:21:11] [INFO    ] discord.gateway: Shard ID None has successfully RESUMED session 5b8fd75d8941615beddd98859b391bac.
[2026-03-25 08:02:50] [WARNING ] discord.gateway: Shard ID None has stopped responding to the gateway. Closing and restarting.
[2026-03-25 08:02:50] [INFO    ] discord.gateway: Shard ID None session has been invalidated.
[2026-03-25 08:02:56] [INFO    ] discord.gateway: Shard ID None has connected to Gateway (Session ID: cbfc4a6606c78850802b7e91960e2146).
[2026-03-25 08:59:52] [INFO    ] discord.gateway: Shard ID None has successfully RESUMED session cbfc4a6606c78850802b7e91960e2146.
[2026-03-25 11:11:39] [INFO    ] discord.gateway: Shard ID None has successfully RESUMED session cbfc4a6606c78850802b7e91960e2146.
[2026-03-25 13:18:27] [INFO    ] discord.gateway: Shard ID None has successfully RESUMED session cbfc4a6606c78850802b7e91960e2146.
[2026-03-25 14:13:48] [INFO    ] discord.gateway: Shard ID None session has been invalidated.
[2026-03-25 14:13:57] [INFO    ] discord.gateway: Shard ID None session has been invalidated.
[2026-03-25 14:15:29] [INFO    ] discord.gateway: Shard ID None session has been invalidated.
[2026-03-25 14:16:38] [INFO    ] discord.gateway: Shard ID None session has been invalidated.
[2026-03-25 14:18:06] [INFO    ] discord.gateway: Shard ID None session has been invalidated.
[2026-03-25 14:18:42] [INFO    ] discord.gateway: Shard ID None session has been invalidated.
[2026-03-25 14:20:40] [INFO    ] discord.gateway: Shard ID None session has been invalidated.
[2026-03-25 14:21:44] [INFO    ] discord.gateway: Shard ID None session has been invalidated.
[2026-03-25 14:22:52] [INFO    ] discord.gateway: Shard ID None session has been invalidated.
[2026-03-25 14:24:06] [INFO    ] discord.gateway: Shard ID None session has been invalidated.
[2026-03-25 14:26:10] [INFO    ] discord.gateway: Shard ID None session has been invalidated.
[2026-03-25 14:27:07] [INFO    ] discord.gateway: Shard ID None session has been invalidated.
[2026-03-25 14:27:13] [INFO    ] discord.gateway: Shard ID None has connected to Gateway (Session ID: 272f137c9c44eadd36c175b5aa02ffc9).
[2026-03-25 17:58:27] [INFO    ] discord.gateway: Shard ID None has successfully RESUMED session 272f137c9c44eadd36c175b5aa02ffc9.
[2026-03-25 18:27:04] [INFO    ] discord.gateway: Shard ID None has successfully RESUMED session 272f137c9c44eadd36c175b5aa02ffc9.
[2026-03-25 18:34:00] [INFO    ] discord.gateway: Shard ID None has successfully RESUMED session 272f137c9c44eadd36c175b5aa02ffc9.
[2026-03-25 20:05:56] [INFO    ] discord.gateway: Shard ID None has successfully RESUMED session 272f137c9c44eadd36c175b5aa02ffc9.
[2026-03-27 06:05:05] [ERROR   ] discord.client: Attempting a reconnect in 1.02s
Traceback (most recent call last):
  File "C:\Users\erins\AppData\Local\Programs\Python\Python312\Lib\site-packages\aiohttp\connector.py", line 1203, in _create_direct_connection
    hosts = await self._resolve_host(host, port, traces=traces)
            ^^^^^^^^^^^^^^^^^^^^^^^^^^^^^^^^^^^^^^^^^^^^^^^^^^^
  File "C:\Users\erins\AppData\Local\Programs\Python\Python312\Lib\site-packages\aiohttp\connector.py", line 880, in _resolve_host
    return await asyncio.shield(resolved_host_task)
           ^^^^^^^^^^^^^^^^^^^^^^^^^^^^^^^^^^^^^^^^
  File "C:\Users\erins\AppData\Local\Programs\Python\Python312\Lib\site-packages\aiohttp\connector.py", line 917, in _resolve_host_with_throttle
    addrs = await self._resolver.resolve(host, port, family=self._family)
            ^^^^^^^^^^^^^^^^^^^^^^^^^^^^^^^^^^^^^^^^^^^^^^^^^^^^^^^^^^^^^
  File "C:\Users\erins\AppData\Local\Programs\Python\Python312\Lib\site-packages\aiohttp\resolver.py", line 33, in resolve
    infos = await self._loop.getaddrinfo(
            ^^^^^^^^^^^^^^^^^^^^^^^^^^^^^
  File "C:\Users\erins\AppData\Local\Programs\Python\Python312\Lib\asyncio\base_events.py", line 900, in getaddrinfo
    return await self.run_in_executor(
           ^^^^^^^^^^^^^^^^^^^^^^^^^^^
  File "C:\Users\erins\AppData\Local\Programs\Python\Python312\Lib\concurrent\futures\thread.py", line 59, in run
    result = self.fn(*self.args, **self.kwargs)
             ^^^^^^^^^^^^^^^^^^^^^^^^^^^^^^^^^^
  File "C:\Users\erins\AppData\Local\Programs\Python\Python312\Lib\socket.py", line 976, in getaddrinfo
    for res in _socket.getaddrinfo(host, port, family, type, proto, flags):
               ^^^^^^^^^^^^^^^^^^^^^^^^^^^^^^^^^^^^^^^^^^^^^^^^^^^^^^^^^^^
socket.gaierror: [Errno 11001] getaddrinfo failed

The above exception was the direct cause of the following exception:

Traceback (most recent call last):
  File "C:\Users\erins\AppData\Local\Programs\Python\Python312\Lib\site-packages\discord\client.py", line 656, in connect
    self.ws = await asyncio.wait_for(coro, timeout=60.0)
              ^^^^^^^^^^^^^^^^^^^^^^^^^^^^^^^^^^^^^^^^^^
  File "C:\Users\erins\AppData\Local\Programs\Python\Python312\Lib\asyncio\tasks.py", line 520, in wait_for
    return await fut
           ^^^^^^^^^
  File "C:\Users\erins\AppData\Local\Programs\Python\Python312\Lib\site-packages\discord\gateway.py", line 372, in from_client
    socket = await client.http.ws_connect(str(url))
             ^^^^^^^^^^^^^^^^^^^^^^^^^^^^^^^^^^^^^^
  File "C:\Users\erins\AppData\Local\Programs\Python\Python312\Lib\site-packages\discord\http.py", line 537, in ws_connect
    return await self.__session.ws_connect(url, **kwargs)
           ^^^^^^^^^^^^^^^^^^^^^^^^^^^^^^^^^^^^^^^^^^^^^^
  File "C:\Users\erins\AppData\Local\Programs\Python\Python312\Lib\site-packages\aiohttp\client.py", line 835, in _ws_connect
    resp = await self.request(
           ^^^^^^^^^^^^^^^^^^^
  File "C:\Users\erins\AppData\Local\Programs\Python\Python312\Lib\site-packages\aiohttp\client.py", line 581, in _request
    conn = await self._connector.connect(
           ^^^^^^^^^^^^^^^^^^^^^^^^^^^^^^
  File "C:\Users\erins\AppData\Local\Programs\Python\Python312\Lib\site-packages\aiohttp\connector.py", line 544, in connect
    proto = await self._create_connection(req, traces, timeout)
            ^^^^^^^^^^^^^^^^^^^^^^^^^^^^^^^^^^^^^^^^^^^^^^^^^^^
  File "C:\Users\erins\AppData\Local\Programs\Python\Python312\Lib\site-packages\aiohttp\connector.py", line 944, in _create_connection
    _, proto = await self._create_direct_connection(req, traces, timeout)
               ^^^^^^^^^^^^^^^^^^^^^^^^^^^^^^^^^^^^^^^^^^^^^^^^^^^^^^^^^^
  File "C:\Users\erins\AppData\Local\Programs\Python\Python312\Lib\site-packages\aiohttp\connector.py", line 1209, in _create_direct_connection
    raise ClientConnectorError(req.connection_key, exc) from exc
aiohttp.client_exceptions.ClientConnectorError: Cannot connect to host gateway-us-east1-c.discord.gg:443 ssl:default [getaddrinfo failed]
[2026-03-27 07:23:05] [INFO    ] discord.client: logging in using static token
[2026-03-27 07:23:05] [INFO    ] discord.gateway: Shard ID None has connected to Gateway (Session ID: cedab21830b2e49d10bf385c2623ac59).
[2026-03-27 10:08:37] [INFO    ] discord.gateway: Shard ID None has successfully RESUMED session cedab21830b2e49d10bf385c2623ac59.
[2026-03-27 10:24:08] [INFO    ] discord.gateway: Shard ID None has successfully RESUMED session cedab21830b2e49d10bf385c2623ac59.
[2026-03-27 12:25:31] [INFO    ] discord.gateway: Shard ID None has successfully RESUMED session cedab21830b2e49d10bf385c2623ac59.
[2026-03-27 15:20:05] [INFO    ] discord.gateway: Shard ID None has successfully RESUMED session cedab21830b2e49d10bf385c2623ac59.
[2026-03-27 16:15:04] [INFO    ] discord.gateway: Shard ID None has successfully RESUMED session cedab21830b2e49d10bf385c2623ac59.
[2026-03-27 17:18:03] [INFO    ] discord.gateway: Shard ID None has successfully RESUMED session cedab21830b2e49d10bf385c2623ac59.
[2026-03-27 20:34:17] [INFO    ] discord.gateway: Shard ID None has successfully RESUMED session cedab21830b2e49d10bf385c2623ac59.
[2026-03-27 20:54:19] [INFO    ] discord.gateway: Shard ID None has successfully RESUMED session cedab21830b2e49d10bf385c2623ac59.
[2026-03-28 12:25:54] [INFO    ] discord.client: logging in using static token
[2026-03-28 12:25:55] [INFO    ] discord.gateway: Shard ID None has connected to Gateway (Session ID: c2e912d5a3752a150f4f2f393b2a1ed3).
[2026-03-28 15:47:39] [INFO    ] discord.gateway: Shard ID None has successfully RESUMED session c2e912d5a3752a150f4f2f393b2a1ed3.
[2026-03-30 00:02:22] [ERROR   ] discord.client: Attempting a reconnect in 1.27s
Traceback (most recent call last):
  File "C:\Users\erins\AppData\Local\Programs\Python\Python312\Lib\site-packages\aiohttp\connector.py", line 1203, in _create_direct_connection
    hosts = await self._resolve_host(host, port, traces=traces)
            ^^^^^^^^^^^^^^^^^^^^^^^^^^^^^^^^^^^^^^^^^^^^^^^^^^^
  File "C:\Users\erins\AppData\Local\Programs\Python\Python312\Lib\site-packages\aiohttp\connector.py", line 880, in _resolve_host
    return await asyncio.shield(resolved_host_task)
           ^^^^^^^^^^^^^^^^^^^^^^^^^^^^^^^^^^^^^^^^
  File "C:\Users\erins\AppData\Local\Programs\Python\Python312\Lib\site-packages\aiohttp\connector.py", line 917, in _resolve_host_with_throttle
    addrs = await self._resolver.resolve(host, port, family=self._family)
            ^^^^^^^^^^^^^^^^^^^^^^^^^^^^^^^^^^^^^^^^^^^^^^^^^^^^^^^^^^^^^
  File "C:\Users\erins\AppData\Local\Programs\Python\Python312\Lib\site-packages\aiohttp\resolver.py", line 33, in resolve
    infos = await self._loop.getaddrinfo(
            ^^^^^^^^^^^^^^^^^^^^^^^^^^^^^
  File "C:\Users\erins\AppData\Local\Programs\Python\Python312\Lib\asyncio\base_events.py", line 900, in getaddrinfo
    return await self.run_in_executor(
           ^^^^^^^^^^^^^^^^^^^^^^^^^^^
  File "C:\Users\erins\AppData\Local\Programs\Python\Python312\Lib\concurrent\futures\thread.py", line 59, in run
    result = self.fn(*self.args, **self.kwargs)
             ^^^^^^^^^^^^^^^^^^^^^^^^^^^^^^^^^^
  File "C:\Users\erins\AppData\Local\Programs\Python\Python312\Lib\socket.py", line 976, in getaddrinfo
    for res in _socket.getaddrinfo(host, port, family, type, proto, flags):
               ^^^^^^^^^^^^^^^^^^^^^^^^^^^^^^^^^^^^^^^^^^^^^^^^^^^^^^^^^^^
socket.gaierror: [Errno 11001] getaddrinfo failed

The above exception was the direct cause of the following exception:

Traceback (most recent call last):
  File "C:\Users\erins\AppData\Local\Programs\Python\Python312\Lib\site-packages\discord\client.py", line 656, in connect
    self.ws = await asyncio.wait_for(coro, timeout=60.0)
              ^^^^^^^^^^^^^^^^^^^^^^^^^^^^^^^^^^^^^^^^^^
  File "C:\Users\erins\AppData\Local\Programs\Python\Python312\Lib\asyncio\tasks.py", line 520, in wait_for
    return await fut
           ^^^^^^^^^
  File "C:\Users\erins\AppData\Local\Programs\Python\Python312\Lib\site-packages\discord\gateway.py", line 372, in from_client
    socket = await client.http.ws_connect(str(url))
             ^^^^^^^^^^^^^^^^^^^^^^^^^^^^^^^^^^^^^^
  File "C:\Users\erins\AppData\Local\Programs\Python\Python312\Lib\site-packages\discord\http.py", line 537, in ws_connect
    return await self.__session.ws_connect(url, **kwargs)
           ^^^^^^^^^^^^^^^^^^^^^^^^^^^^^^^^^^^^^^^^^^^^^^
  File "C:\Users\erins\AppData\Local\Programs\Python\Python312\Lib\site-packages\aiohttp\client.py", line 835, in _ws_connect
    resp = await self.request(
           ^^^^^^^^^^^^^^^^^^^
  File "C:\Users\erins\AppData\Local\Programs\Python\Python312\Lib\site-packages\aiohttp\client.py", line 581, in _request
    conn = await self._connector.connect(
           ^^^^^^^^^^^^^^^^^^^^^^^^^^^^^^
  File "C:\Users\erins\AppData\Local\Programs\Python\Python312\Lib\site-packages\aiohttp\connector.py", line 544, in connect
    proto = await self._create_connection(req, traces, timeout)
            ^^^^^^^^^^^^^^^^^^^^^^^^^^^^^^^^^^^^^^^^^^^^^^^^^^^
  File "C:\Users\erins\AppData\Local\Programs\Python\Python312\Lib\site-packages\aiohttp\connector.py", line 944, in _create_connection
    _, proto = await self._create_direct_connection(req, traces, timeout)
               ^^^^^^^^^^^^^^^^^^^^^^^^^^^^^^^^^^^^^^^^^^^^^^^^^^^^^^^^^^
  File "C:\Users\erins\AppData\Local\Programs\Python\Python312\Lib\site-packages\aiohttp\connector.py", line 1209, in _create_direct_connection
    raise ClientConnectorError(req.connection_key, exc) from exc
aiohttp.client_exceptions.ClientConnectorError: Cannot connect to host gateway-us-east1-d.discord.gg:443 ssl:default [getaddrinfo failed]
[2026-03-30 00:02:24] [INFO    ] discord.gateway: Shard ID None session has been invalidated.
[2026-03-30 00:02:31] [INFO    ] discord.gateway: Shard ID None has connected to Gateway (Session ID: 1226c96b5620955194db866094f647de).
[2026-03-30 05:46:24] [INFO    ] discord.client: logging in using static token
[2026-03-30 05:46:25] [INFO    ] discord.gateway: Shard ID None has connected to Gateway (Session ID: cd463f1c79e5cac7d26794fb79a256eb).
[2026-03-30 17:06:55] [INFO    ] discord.client: logging in using static token
[2026-03-30 17:06:57] [INFO    ] discord.gateway: Shard ID None has connected to Gateway (Session ID: c38cea379487663959ca2c7ffe71496d).
[2026-03-30 17:56:43] [INFO    ] discord.client: logging in using static token
[2026-03-30 17:56:44] [INFO    ] discord.gateway: Shard ID None has connected to Gateway (Session ID: 919e3a580fdf22bb9cf2b2a344c9a70b).
[2026-03-30 18:37:50] [INFO    ] discord.gateway: Shard ID None has successfully RESUMED session 919e3a580fdf22bb9cf2b2a344c9a70b.
[2026-03-31 11:46:30] [INFO    ] discord.client: logging in using static token
[2026-03-31 11:46:30] [INFO    ] discord.gateway: Shard ID None has connected to Gateway (Session ID: dca5ecefbed164ca51be9724de3afb41).
[2026-03-31 12:14:39] [INFO    ] discord.gateway: Shard ID None has successfully RESUMED session dca5ecefbed164ca51be9724de3afb41.
[2026-03-31 15:57:32] [INFO    ] discord.gateway: Shard ID None has successfully RESUMED session dca5ecefbed164ca51be9724de3afb41.
[2026-04-01 07:47:29] [WARNING ] discord.gateway: Shard ID None has stopped responding to the gateway. Closing and restarting.
[2026-04-01 07:47:29] [INFO    ] discord.gateway: Shard ID None session has been invalidated.
[2026-04-01 07:47:35] [INFO    ] discord.gateway: Shard ID None has connected to Gateway (Session ID: fc8592b6dfe4f7d7abfef04a74ca6bf6).
[2026-04-01 08:22:46] [INFO    ] discord.client: logging in using static token
[2026-04-01 08:22:47] [INFO    ] discord.gateway: Shard ID None has connected to Gateway (Session ID: 4a752b04066d1615a2c0c0a3fbbc3f51).
[2026-04-01 08:24:11] [INFO    ] discord.client: logging in using static token
[2026-04-01 08:24:44] [INFO    ] discord.client: logging in using static token
[2026-04-01 08:24:46] [INFO    ] discord.gateway: Shard ID None has connected to Gateway (Session ID: c3b53226653881b7fdfd005fbafa7e31).
[2026-04-01 09:39:11] [INFO    ] discord.gateway: Shard ID None has successfully RESUMED session c3b53226653881b7fdfd005fbafa7e31.
[2026-04-01 12:44:24] [INFO    ] discord.gateway: Shard ID None has successfully RESUMED session c3b53226653881b7fdfd005fbafa7e31.
[2026-04-01 15:25:17] [INFO    ] discord.gateway: Shard ID None has successfully RESUMED session c3b53226653881b7fdfd005fbafa7e31.
[2026-04-01 16:42:06] [INFO    ] discord.gateway: Shard ID None has successfully RESUMED session c3b53226653881b7fdfd005fbafa7e31.
[2026-04-02 07:26:58] [WARNING ] discord.gateway: Shard ID None has stopped responding to the gateway. Closing and restarting.
[2026-04-02 07:26:59] [INFO    ] discord.gateway: Shard ID None session has been invalidated.
[2026-04-02 07:27:04] [INFO    ] discord.gateway: Shard ID None has connected to Gateway (Session ID: 996b3ef78b7b2adf3886b11fb9dc6f5e).
[2026-04-02 10:13:32] [INFO    ] discord.gateway: Shard ID None has successfully RESUMED session 996b3ef78b7b2adf3886b11fb9dc6f5e.
[2026-04-02 11:56:38] [INFO    ] discord.gateway: Shard ID None has successfully RESUMED session 996b3ef78b7b2adf3886b11fb9dc6f5e.
[2026-04-02 15:36:53] [INFO    ] discord.gateway: Shard ID None has successfully RESUMED session 996b3ef78b7b2adf3886b11fb9dc6f5e.
[2026-04-02 16:14:55] [INFO    ] discord.gateway: Shard ID None has successfully RESUMED session 996b3ef78b7b2adf3886b11fb9dc6f5e.
[2026-04-02 17:35:20] [INFO    ] discord.gateway: Shard ID None has successfully RESUMED session 996b3ef78b7b2adf3886b11fb9dc6f5e.
[2026-04-02 18:07:03] [INFO    ] discord.gateway: Shard ID None has successfully RESUMED session 996b3ef78b7b2adf3886b11fb9dc6f5e.
[2026-04-02 19:50:02] [INFO    ] discord.gateway: Shard ID None has successfully RESUMED session 996b3ef78b7b2adf3886b11fb9dc6f5e.
[2026-04-02 20:51:46] [INFO    ] discord.gateway: Shard ID None has successfully RESUMED session 996b3ef78b7b2adf3886b11fb9dc6f5e.
[2026-04-03 08:00:11] [INFO    ] discord.client: logging in using static token
[2026-04-03 08:00:13] [INFO    ] discord.gateway: Shard ID None has connected to Gateway (Session ID: f461f48b37eb8ed4dd8fbcc8e2dce7c3).
[2026-04-03 08:36:48] [INFO    ] discord.gateway: Shard ID None has successfully RESUMED session f461f48b37eb8ed4dd8fbcc8e2dce7c3.
[2026-04-03 09:16:35] [INFO    ] discord.gateway: Shard ID None has successfully RESUMED session f461f48b37eb8ed4dd8fbcc8e2dce7c3.
[2026-04-03 11:19:16] [INFO    ] discord.gateway: Shard ID None has successfully RESUMED session f461f48b37eb8ed4dd8fbcc8e2dce7c3.
[2026-04-03 14:56:33] [INFO    ] discord.gateway: Shard ID None has successfully RESUMED session f461f48b37eb8ed4dd8fbcc8e2dce7c3.
[2026-04-03 15:15:59] [INFO    ] discord.gateway: Shard ID None has successfully RESUMED session f461f48b37eb8ed4dd8fbcc8e2dce7c3.
[2026-04-03 17:32:43] [INFO    ] discord.gateway: Shard ID None has successfully RESUMED session f461f48b37eb8ed4dd8fbcc8e2dce7c3.
[2026-04-03 17:58:10] [INFO    ] discord.gateway: Shard ID None has successfully RESUMED session f461f48b37eb8ed4dd8fbcc8e2dce7c3.
[2026-04-03 20:27:42] [INFO    ] discord.gateway: Shard ID None has successfully RESUMED session f461f48b37eb8ed4dd8fbcc8e2dce7c3.
[2026-04-04 19:57:44] [INFO    ] discord.client: logging in using static token
[2026-04-04 19:57:45] [INFO    ] discord.gateway: Shard ID None has connected to Gateway (Session ID: 1c9c2cf94c0fc7faaedcf72c07f3e9d9).
[2026-04-04 21:45:35] [INFO    ] discord.gateway: Shard ID None has successfully RESUMED session 1c9c2cf94c0fc7faaedcf72c07f3e9d9.
[2026-04-04 22:23:11] [INFO    ] discord.gateway: Shard ID None has successfully RESUMED session 1c9c2cf94c0fc7faaedcf72c07f3e9d9.
[2026-04-06 09:57:22] [INFO    ] discord.client: logging in using static token
[2026-04-06 09:57:23] [INFO    ] discord.gateway: Shard ID None has connected to Gateway (Session ID: c0a12053bec30d61edc700f9c57b775d).
[2026-04-06 11:37:48] [INFO    ] discord.gateway: Shard ID None has successfully RESUMED session c0a12053bec30d61edc700f9c57b775d.
[2026-04-06 14:52:41] [INFO    ] discord.gateway: Shard ID None has successfully RESUMED session c0a12053bec30d61edc700f9c57b775d.
[2026-04-06 17:31:24] [INFO    ] discord.gateway: Shard ID None has successfully RESUMED session c0a12053bec30d61edc700f9c57b775d.
[2026-04-07 07:36:37] [INFO    ] discord.client: logging in using static token
[2026-04-07 07:36:37] [INFO    ] discord.gateway: Shard ID None has connected to Gateway (Session ID: 93bbe916624ad1885e90b3a02fda263c).
[2026-04-07 08:58:25] [INFO    ] discord.gateway: Shard ID None has successfully RESUMED session 93bbe916624ad1885e90b3a02fda263c.
[2026-04-07 09:14:18] [INFO    ] discord.gateway: Shard ID None has successfully RESUMED session 93bbe916624ad1885e90b3a02fda263c.
[2026-04-07 12:12:53] [INFO    ] discord.gateway: Shard ID None has successfully RESUMED session 93bbe916624ad1885e90b3a02fda263c.
[2026-04-07 14:46:55] [INFO    ] discord.gateway: Shard ID None has successfully RESUMED session 93bbe916624ad1885e90b3a02fda263c.
[2026-04-07 15:29:37] [INFO    ] discord.gateway: Shard ID None has successfully RESUMED session 93bbe916624ad1885e90b3a02fda263c.
[2026-04-07 18:10:29] [INFO    ] discord.gateway: Shard ID None has successfully RESUMED session 93bbe916624ad1885e90b3a02fda263c.
[2026-04-08 07:49:44] [INFO    ] discord.client: logging in using static token
[2026-04-08 07:49:46] [INFO    ] discord.gateway: Shard ID None has connected to Gateway (Session ID: a4f1ed1901dbf4539633442da033a49c).
[2026-04-08 09:33:15] [INFO    ] discord.gateway: Shard ID None has successfully RESUMED session a4f1ed1901dbf4539633442da033a49c.
[2026-04-08 11:40:40] [INFO    ] discord.gateway: Shard ID None has successfully RESUMED session a4f1ed1901dbf4539633442da033a49c.
[2026-04-08 14:54:14] [INFO    ] discord.gateway: Shard ID None has successfully RESUMED session a4f1ed1901dbf4539633442da033a49c.
[2026-04-08 14:58:59] [INFO    ] discord.gateway: Shard ID None has successfully RESUMED session a4f1ed1901dbf4539633442da033a49c.
[2026-04-08 15:05:07] [INFO    ] discord.gateway: Shard ID None has successfully RESUMED session a4f1ed1901dbf4539633442da033a49c.
[2026-04-08 18:49:52] [INFO    ] discord.gateway: Shard ID None has successfully RESUMED session a4f1ed1901dbf4539633442da033a49c.
[2026-04-09 07:59:52] [INFO    ] discord.client: logging in using static token
[2026-04-09 07:59:53] [INFO    ] discord.gateway: Shard ID None has connected to Gateway (Session ID: d79534dc036f58f35e6ff1d988e608d0).
[2026-04-09 10:20:49] [INFO    ] discord.gateway: Shard ID None has successfully RESUMED session d79534dc036f58f35e6ff1d988e608d0.
[2026-04-09 16:57:06] [WARNING ] discord.gateway: Shard ID None has stopped responding to the gateway. Closing and restarting.
[2026-04-09 16:57:06] [INFO    ] discord.gateway: Shard ID None session has been invalidated.
[2026-04-09 16:57:12] [INFO    ] discord.gateway: Shard ID None has connected to Gateway (Session ID: 1b3fcce3f068ef3304ace08f2d7a6ae3).
[2026-04-09 19:28:53] [INFO    ] discord.gateway: Shard ID None has successfully RESUMED session 1b3fcce3f068ef3304ace08f2d7a6ae3.
[2026-04-10 07:19:32] [WARNING ] discord.gateway: Shard ID None has stopped responding to the gateway. Closing and restarting.
[2026-04-10 07:19:32] [INFO    ] discord.gateway: Shard ID None session has been invalidated.
[2026-04-10 07:19:38] [INFO    ] discord.gateway: Shard ID None has connected to Gateway (Session ID: 610b493d19b13dc7c266517b7ddce4f9).
[2026-04-10 07:54:58] [INFO    ] discord.gateway: Shard ID None has successfully RESUMED session 610b493d19b13dc7c266517b7ddce4f9.
[2026-04-10 10:38:25] [INFO    ] discord.gateway: Shard ID None has successfully RESUMED session 610b493d19b13dc7c266517b7ddce4f9.
[2026-04-10 12:46:26] [INFO    ] discord.gateway: Shard ID None has successfully RESUMED session 610b493d19b13dc7c266517b7ddce4f9.
[2026-04-10 16:26:48] [INFO    ] discord.gateway: Shard ID None has successfully RESUMED session 610b493d19b13dc7c266517b7ddce4f9.
[2026-04-10 17:50:28] [INFO    ] discord.gateway: Shard ID None has successfully RESUMED session 610b493d19b13dc7c266517b7ddce4f9.
[2026-04-10 19:42:50] [INFO    ] discord.gateway: Shard ID None has successfully RESUMED session 610b493d19b13dc7c266517b7ddce4f9.
[2026-04-11 09:19:20] [INFO    ] discord.client: logging in using static token
[2026-04-11 09:19:21] [INFO    ] discord.gateway: Shard ID None has connected to Gateway (Session ID: 306831a419906e103bc822268d38ea09).
[2026-04-11 10:02:02] [INFO    ] discord.gateway: Shard ID None has successfully RESUMED session 306831a419906e103bc822268d38ea09.
[2026-04-11 10:53:34] [INFO    ] discord.gateway: Shard ID None has successfully RESUMED session 306831a419906e103bc822268d38ea09.
[2026-04-11 12:51:59] [INFO    ] discord.gateway: Shard ID None has successfully RESUMED session 306831a419906e103bc822268d38ea09.
[2026-04-11 15:30:50] [INFO    ] discord.gateway: Shard ID None has successfully RESUMED session 306831a419906e103bc822268d38ea09.
[2026-04-11 15:56:40] [INFO    ] discord.gateway: Shard ID None has successfully RESUMED session 306831a419906e103bc822268d38ea09.
[2026-04-11 18:39:43] [INFO    ] discord.gateway: Shard ID None has successfully RESUMED session 306831a419906e103bc822268d38ea09.
[2026-04-11 20:11:01] [INFO    ] discord.gateway: Shard ID None has successfully RESUMED session 306831a419906e103bc822268d38ea09.
[2026-04-11 21:06:02] [INFO    ] discord.gateway: Shard ID None has successfully RESUMED session 306831a419906e103bc822268d38ea09.
[2026-04-11 22:36:55] [ERROR   ] discord.ext.commands.bot: Ignoring exception in command None
discord.ext.commands.errors.CommandNotFound: Command "prune" is not found
[2026-04-11 22:50:52] [ERROR   ] discord.ext.commands.bot: Ignoring exception in command None
discord.ext.commands.errors.CommandNotFound: Command "prune" is not found
[2026-04-11 22:50:56] [ERROR   ] discord.ext.commands.bot: Ignoring exception in command None
discord.ext.commands.errors.CommandNotFound: Command "prune" is not found
[2026-04-11 22:51:00] [ERROR   ] discord.ext.commands.bot: Ignoring exception in command None
discord.ext.commands.errors.CommandNotFound: Command "prune" is not found
[2026-04-12 10:53:10] [WARNING ] discord.gateway: Shard ID None has stopped responding to the gateway. Closing and restarting.
[2026-04-12 10:53:10] [INFO    ] discord.gateway: Shard ID None session has been invalidated.
[2026-04-12 10:53:16] [INFO    ] discord.gateway: Shard ID None has connected to Gateway (Session ID: 3af874e5c289e9b506b0cc69c53cc3b2).
[2026-04-12 14:32:01] [INFO    ] discord.client: logging in using static token
[2026-04-12 14:32:02] [INFO    ] discord.gateway: Shard ID None has connected to Gateway (Session ID: 01afb442b0c6d588831bb41de1c4ca6b).
[2026-04-12 15:08:10] [INFO    ] discord.client: logging in using static token
[2026-04-12 15:08:11] [INFO    ] discord.gateway: Shard ID None has connected to Gateway (Session ID: b13695f7acac85103371ae876059e5c5).
[2026-04-12 16:31:24] [INFO    ] discord.gateway: Shard ID None has successfully RESUMED session b13695f7acac85103371ae876059e5c5.
[2026-04-12 19:02:09] [INFO    ] discord.gateway: Shard ID None has successfully RESUMED session b13695f7acac85103371ae876059e5c5.
[2026-04-12 20:43:55] [INFO    ] discord.gateway: Shard ID None has successfully RESUMED session b13695f7acac85103371ae876059e5c5.
[2026-04-12 21:02:48] [INFO    ] discord.gateway: Shard ID None has successfully RESUMED session b13695f7acac85103371ae876059e5c5.
[2026-04-13 08:00:38] [WARNING ] discord.gateway: Shard ID None has stopped responding to the gateway. Closing and restarting.
[2026-04-13 08:00:38] [INFO    ] discord.gateway: Shard ID None session has been invalidated.
[2026-04-13 08:00:44] [INFO    ] discord.gateway: Shard ID None has connected to Gateway (Session ID: 577582b4284007b16646276dc51a4aae).
[2026-04-13 09:41:43] [INFO    ] discord.gateway: Shard ID None has successfully RESUMED session 577582b4284007b16646276dc51a4aae.
[2026-04-13 13:15:15] [INFO    ] discord.gateway: Shard ID None has successfully RESUMED session 577582b4284007b16646276dc51a4aae.
[2026-04-13 16:43:55] [INFO    ] discord.gateway: Shard ID None has successfully RESUMED session 577582b4284007b16646276dc51a4aae.
[2026-04-13 16:59:41] [INFO    ] discord.gateway: Shard ID None has successfully RESUMED session 577582b4284007b16646276dc51a4aae.
[2026-04-13 19:16:08] [INFO    ] discord.gateway: Shard ID None has successfully RESUMED session 577582b4284007b16646276dc51a4aae.
[2026-04-14 07:43:33] [INFO    ] discord.client: logging in using static token
[2026-04-14 07:43:33] [INFO    ] discord.gateway: Shard ID None has connected to Gateway (Session ID: 69ea105017643972ecfcd6d1125da002).
[2026-04-14 10:21:53] [INFO    ] discord.gateway: Shard ID None has successfully RESUMED session 69ea105017643972ecfcd6d1125da002.
[2026-04-14 12:02:53] [INFO    ] discord.gateway: Shard ID None has successfully RESUMED session 69ea105017643972ecfcd6d1125da002.
[2026-04-14 13:13:14] [INFO    ] discord.gateway: Shard ID None has successfully RESUMED session 69ea105017643972ecfcd6d1125da002.
[2026-04-14 16:00:54] [INFO    ] discord.gateway: Shard ID None has successfully RESUMED session 69ea105017643972ecfcd6d1125da002.
[2026-04-15 12:50:49] [INFO    ] discord.client: logging in using static token
[2026-04-15 12:50:49] [INFO    ] discord.gateway: Shard ID None has connected to Gateway (Session ID: 340d7858467695e41655310147a3dc1d).
[2026-04-15 14:24:53] [INFO    ] discord.client: logging in using static token
[2026-04-15 14:24:55] [INFO    ] discord.gateway: Shard ID None has connected to Gateway (Session ID: 628d6b9d833cd62d3c8aeb50c32145ec).
[2026-04-15 14:26:05] [INFO    ] discord.client: logging in using static token
[2026-04-15 14:26:06] [INFO    ] discord.gateway: Shard ID None has connected to Gateway (Session ID: 9dab0006115dec6d7f1fd29d7fdb2132).
[2026-04-15 16:11:38] [INFO    ] discord.gateway: Shard ID None has successfully RESUMED session 9dab0006115dec6d7f1fd29d7fdb2132.
[2026-04-16 08:19:20] [WARNING ] discord.gateway: Shard ID None has stopped responding to the gateway. Closing and restarting.
[2026-04-16 08:19:20] [INFO    ] discord.gateway: Shard ID None session has been invalidated.
[2026-04-16 08:19:26] [INFO    ] discord.gateway: Shard ID None has connected to Gateway (Session ID: 9f88338934c2ece113fd8cb9f83c70fe).
[2026-04-16 10:24:46] [INFO    ] discord.gateway: Shard ID None has successfully RESUMED session 9f88338934c2ece113fd8cb9f83c70fe.
[2026-04-16 14:07:42] [INFO    ] discord.gateway: Shard ID None has successfully RESUMED session 9f88338934c2ece113fd8cb9f83c70fe.
[2026-04-23 07:56:31] [INFO    ] discord.gateway: Shard ID None session has been invalidated.
[2026-04-23 07:56:37] [INFO    ] discord.gateway: Shard ID None has connected to Gateway (Session ID: 77a914d1ca82eab4136a7cdc88c05682).
[2026-04-23 08:51:17] [INFO    ] discord.gateway: Shard ID None has successfully RESUMED session 77a914d1ca82eab4136a7cdc88c05682.
[2026-04-23 11:34:45] [INFO    ] discord.gateway: Shard ID None has successfully RESUMED session 77a914d1ca82eab4136a7cdc88c05682.
[2026-04-23 14:10:23] [INFO    ] discord.gateway: Shard ID None has successfully RESUMED session 77a914d1ca82eab4136a7cdc88c05682.
[2026-04-24 07:39:28] [WARNING ] discord.gateway: Shard ID None has stopped responding to the gateway. Closing and restarting.
[2026-04-24 07:39:28] [INFO    ] discord.gateway: Shard ID None session has been invalidated.
[2026-04-24 07:39:33] [INFO    ] discord.gateway: Shard ID None has connected to Gateway (Session ID: 7092d20561dc1df8a812090685e22db2).
[2026-04-24 08:22:15] [INFO    ] discord.gateway: Shard ID None has successfully RESUMED session 7092d20561dc1df8a812090685e22db2.
[2026-04-24 09:02:36] [INFO    ] discord.gateway: Shard ID None has successfully RESUMED session 7092d20561dc1df8a812090685e22db2.
[2026-04-24 12:42:56] [INFO    ] discord.gateway: Shard ID None has successfully RESUMED session 7092d20561dc1df8a812090685e22db2.
[2026-04-24 14:00:47] [INFO    ] discord.gateway: Shard ID None has successfully RESUMED session 7092d20561dc1df8a812090685e22db2.
[2026-04-24 15:51:04] [INFO    ] discord.gateway: Shard ID None has successfully RESUMED session 7092d20561dc1df8a812090685e22db2.
[2026-04-24 16:49:13] [INFO    ] discord.gateway: Shard ID None has successfully RESUMED session 7092d20561dc1df8a812090685e22db2.
[2026-04-24 19:47:30] [INFO    ] discord.gateway: Shard ID None has successfully RESUMED session 7092d20561dc1df8a812090685e22db2.
[2026-04-24 20:42:35] [INFO    ] discord.gateway: Shard ID None has successfully RESUMED session 7092d20561dc1df8a812090685e22db2.
[2026-04-24 23:08:34] [INFO    ] discord.gateway: Shard ID None has successfully RESUMED session 7092d20561dc1df8a812090685e22db2.
[2026-04-25 13:55:49] [WARNING ] discord.gateway: Shard ID None has stopped responding to the gateway. Closing and restarting.
[2026-04-25 13:55:49] [INFO    ] discord.gateway: Shard ID None session has been invalidated.
[2026-04-25 13:55:57] [INFO    ] discord.gateway: Shard ID None has connected to Gateway (Session ID: 6090124fe9ab9c360d8dd90748feee26).
[2026-04-25 17:37:42] [INFO    ] discord.gateway: Shard ID None has successfully RESUMED session 6090124fe9ab9c360d8dd90748feee26.
[2026-04-25 19:05:16] [INFO    ] discord.gateway: Shard ID None has successfully RESUMED session 6090124fe9ab9c360d8dd90748feee26.
[2026-04-27 16:59:02] [ERROR   ] discord.client: Attempting a reconnect in 1.97s
Traceback (most recent call last):
  File "C:\Users\erins\AppData\Local\Programs\Python\Python312\Lib\site-packages\aiohttp\connector.py", line 1203, in _create_direct_connection
    hosts = await self._resolve_host(host, port, traces=traces)
            ^^^^^^^^^^^^^^^^^^^^^^^^^^^^^^^^^^^^^^^^^^^^^^^^^^^
  File "C:\Users\erins\AppData\Local\Programs\Python\Python312\Lib\site-packages\aiohttp\connector.py", line 880, in _resolve_host
    return await asyncio.shield(resolved_host_task)
           ^^^^^^^^^^^^^^^^^^^^^^^^^^^^^^^^^^^^^^^^
  File "C:\Users\erins\AppData\Local\Programs\Python\Python312\Lib\site-packages\aiohttp\connector.py", line 917, in _resolve_host_with_throttle
    addrs = await self._resolver.resolve(host, port, family=self._family)
            ^^^^^^^^^^^^^^^^^^^^^^^^^^^^^^^^^^^^^^^^^^^^^^^^^^^^^^^^^^^^^
  File "C:\Users\erins\AppData\Local\Programs\Python\Python312\Lib\site-packages\aiohttp\resolver.py", line 33, in resolve
    infos = await self._loop.getaddrinfo(
            ^^^^^^^^^^^^^^^^^^^^^^^^^^^^^
  File "C:\Users\erins\AppData\Local\Programs\Python\Python312\Lib\asyncio\base_events.py", line 900, in getaddrinfo
    return await self.run_in_executor(
           ^^^^^^^^^^^^^^^^^^^^^^^^^^^
  File "C:\Users\erins\AppData\Local\Programs\Python\Python312\Lib\concurrent\futures\thread.py", line 59, in run
    result = self.fn(*self.args, **self.kwargs)
             ^^^^^^^^^^^^^^^^^^^^^^^^^^^^^^^^^^
  File "C:\Users\erins\AppData\Local\Programs\Python\Python312\Lib\socket.py", line 976, in getaddrinfo
    for res in _socket.getaddrinfo(host, port, family, type, proto, flags):
               ^^^^^^^^^^^^^^^^^^^^^^^^^^^^^^^^^^^^^^^^^^^^^^^^^^^^^^^^^^^
socket.gaierror: [Errno 11001] getaddrinfo failed

The above exception was the direct cause of the following exception:

Traceback (most recent call last):
  File "C:\Users\erins\AppData\Local\Programs\Python\Python312\Lib\site-packages\discord\client.py", line 656, in connect
    self.ws = await asyncio.wait_for(coro, timeout=60.0)
              ^^^^^^^^^^^^^^^^^^^^^^^^^^^^^^^^^^^^^^^^^^
  File "C:\Users\erins\AppData\Local\Programs\Python\Python312\Lib\asyncio\tasks.py", line 520, in wait_for
    return await fut
           ^^^^^^^^^
  File "C:\Users\erins\AppData\Local\Programs\Python\Python312\Lib\site-packages\discord\gateway.py", line 372, in from_client
    socket = await client.http.ws_connect(str(url))
             ^^^^^^^^^^^^^^^^^^^^^^^^^^^^^^^^^^^^^^
  File "C:\Users\erins\AppData\Local\Programs\Python\Python312\Lib\site-packages\discord\http.py", line 537, in ws_connect
    return await self.__session.ws_connect(url, **kwargs)
           ^^^^^^^^^^^^^^^^^^^^^^^^^^^^^^^^^^^^^^^^^^^^^^
  File "C:\Users\erins\AppData\Local\Programs\Python\Python312\Lib\site-packages\aiohttp\client.py", line 835, in _ws_connect
    resp = await self.request(
           ^^^^^^^^^^^^^^^^^^^
  File "C:\Users\erins\AppData\Local\Programs\Python\Python312\Lib\site-packages\aiohttp\client.py", line 581, in _request
    conn = await self._connector.connect(
           ^^^^^^^^^^^^^^^^^^^^^^^^^^^^^^
  File "C:\Users\erins\AppData\Local\Programs\Python\Python312\Lib\site-packages\aiohttp\connector.py", line 544, in connect
    proto = await self._create_connection(req, traces, timeout)
            ^^^^^^^^^^^^^^^^^^^^^^^^^^^^^^^^^^^^^^^^^^^^^^^^^^^
  File "C:\Users\erins\AppData\Local\Programs\Python\Python312\Lib\site-packages\aiohttp\connector.py", line 944, in _create_connection
    _, proto = await self._create_direct_connection(req, traces, timeout)
               ^^^^^^^^^^^^^^^^^^^^^^^^^^^^^^^^^^^^^^^^^^^^^^^^^^^^^^^^^^
  File "C:\Users\erins\AppData\Local\Programs\Python\Python312\Lib\site-packages\aiohttp\connector.py", line 1209, in _create_direct_connection
    raise ClientConnectorError(req.connection_key, exc) from exc
aiohttp.client_exceptions.ClientConnectorError: Cannot connect to host gateway-us-east1-d.discord.gg:443 ssl:default [getaddrinfo failed]
[2026-04-27 16:59:05] [INFO    ] discord.gateway: Shard ID None session has been invalidated.
[2026-04-27 16:59:10] [INFO    ] discord.gateway: Shard ID None has connected to Gateway (Session ID: f5f2ba586ade7d78c0e6353e2955c888).
[2026-04-27 18:42:50] [INFO    ] discord.gateway: Shard ID None has successfully RESUMED session f5f2ba586ade7d78c0e6353e2955c888.
[2026-04-27 21:17:13] [INFO    ] discord.gateway: Shard ID None has successfully RESUMED session f5f2ba586ade7d78c0e6353e2955c888.
[2026-04-27 21:57:20] [INFO    ] discord.gateway: Shard ID None has successfully RESUMED session f5f2ba586ade7d78c0e6353e2955c888.
[2026-04-27 22:14:30] [INFO    ] discord.gateway: Shard ID None has successfully RESUMED session f5f2ba586ade7d78c0e6353e2955c888.
[2026-04-27 22:17:15] [INFO    ] discord.gateway: Shard ID None has successfully RESUMED session f5f2ba586ade7d78c0e6353e2955c888.
[2026-04-28 08:15:32] [WARNING ] discord.gateway: Shard ID None has stopped responding to the gateway. Closing and restarting.
[2026-04-28 08:15:32] [INFO    ] discord.gateway: Shard ID None session has been invalidated.
[2026-04-28 08:15:38] [INFO    ] discord.gateway: Shard ID None has connected to Gateway (Session ID: 9ea47d6c4eb63751a775469f6f8090de).
[2026-04-28 08:43:26] [INFO    ] discord.gateway: Shard ID None has successfully RESUMED session 9ea47d6c4eb63751a775469f6f8090de.
[2026-04-28 09:49:38] [INFO    ] discord.gateway: Shard ID None has successfully RESUMED session 9ea47d6c4eb63751a775469f6f8090de.
[2026-04-28 10:03:54] [INFO    ] discord.gateway: Shard ID None has successfully RESUMED session 9ea47d6c4eb63751a775469f6f8090de.
[2026-04-28 10:23:33] [INFO    ] discord.gateway: Shard ID None has successfully RESUMED session 9ea47d6c4eb63751a775469f6f8090de.
[2026-04-28 11:29:53] [INFO    ] discord.gateway: Shard ID None has successfully RESUMED session 9ea47d6c4eb63751a775469f6f8090de.
[2026-04-28 14:47:38] [INFO    ] discord.gateway: Shard ID None has successfully RESUMED session 9ea47d6c4eb63751a775469f6f8090de.
[2026-04-28 15:19:08] [INFO    ] discord.gateway: Shard ID None has successfully RESUMED session 9ea47d6c4eb63751a775469f6f8090de.
[2026-04-28 18:02:42] [INFO    ] discord.gateway: Shard ID None has successfully RESUMED session 9ea47d6c4eb63751a775469f6f8090de.
[2026-04-29 08:31:51] [INFO    ] discord.client: logging in using static token
[2026-04-29 08:31:53] [INFO    ] discord.gateway: Shard ID None has connected to Gateway (Session ID: 23e43d0ec45947519a40be90405efeb1).
[2026-04-29 10:39:19] [INFO    ] discord.gateway: Shard ID None has successfully RESUMED session 23e43d0ec45947519a40be90405efeb1.
[2026-04-29 10:48:16] [INFO    ] discord.gateway: Shard ID None has successfully RESUMED session 23e43d0ec45947519a40be90405efeb1.
[2026-04-29 13:53:45] [INFO    ] discord.gateway: Shard ID None has successfully RESUMED session 23e43d0ec45947519a40be90405efeb1.
[2026-04-29 17:14:31] [INFO    ] discord.gateway: Shard ID None has successfully RESUMED session 23e43d0ec45947519a40be90405efeb1.
[2026-04-30 07:39:42] [INFO    ] discord.client: logging in using static token
[2026-04-30 07:39:43] [INFO    ] discord.gateway: Shard ID None has connected to Gateway (Session ID: 2ba8bfe894a31c0d28129b34f5238c9e).
[2026-04-30 10:39:34] [INFO    ] discord.gateway: Shard ID None has successfully RESUMED session 2ba8bfe894a31c0d28129b34f5238c9e.
[2026-04-30 11:33:29] [INFO    ] discord.gateway: Shard ID None has successfully RESUMED session 2ba8bfe894a31c0d28129b34f5238c9e.
[2026-04-30 13:46:36] [INFO    ] discord.gateway: Shard ID None has successfully RESUMED session 2ba8bfe894a31c0d28129b34f5238c9e.
[2026-04-30 15:00:17] [INFO    ] discord.gateway: Shard ID None has successfully RESUMED session 2ba8bfe894a31c0d28129b34f5238c9e.
[2026-04-30 15:46:18] [INFO    ] discord.gateway: Shard ID None has successfully RESUMED session 2ba8bfe894a31c0d28129b34f5238c9e.
[2026-04-30 17:12:06] [INFO    ] discord.gateway: Shard ID None has successfully RESUMED session 2ba8bfe894a31c0d28129b34f5238c9e.
[2026-04-30 19:29:35] [INFO    ] discord.gateway: Shard ID None has successfully RESUMED session 2ba8bfe894a31c0d28129b34f5238c9e.
[2026-04-30 22:36:27] [INFO    ] discord.gateway: Shard ID None has successfully RESUMED session 2ba8bfe894a31c0d28129b34f5238c9e.
[2026-04-30 22:45:35] [INFO    ] discord.client: logging in using static token
[2026-04-30 22:45:36] [INFO    ] discord.gateway: Shard ID None has connected to Gateway (Session ID: 37b18ada45e608a7e2f8e07403680196).
[2026-04-30 22:47:03] [INFO    ] discord.client: logging in using static token
[2026-04-30 22:47:04] [INFO    ] discord.gateway: Shard ID None has connected to Gateway (Session ID: 5cb242da62053fb7d50fe2c231e65454).
[2026-05-01 07:27:40] [INFO    ] discord.client: logging in using static token
[2026-05-01 07:27:41] [INFO    ] discord.gateway: Shard ID None has connected to Gateway (Session ID: 97b1e5fcfb0d197b3aa1fc6dbf2f5dcf).
[2026-05-01 08:54:17] [INFO    ] discord.gateway: Shard ID None has successfully RESUMED session 97b1e5fcfb0d197b3aa1fc6dbf2f5dcf.
[2026-05-01 10:17:54] [INFO    ] discord.gateway: Shard ID None has successfully RESUMED session 97b1e5fcfb0d197b3aa1fc6dbf2f5dcf.
[2026-05-01 11:54:57] [INFO    ] discord.gateway: Shard ID None has successfully RESUMED session 97b1e5fcfb0d197b3aa1fc6dbf2f5dcf.
[2026-05-01 13:52:54] [INFO    ] discord.gateway: Shard ID None has successfully RESUMED session 97b1e5fcfb0d197b3aa1fc6dbf2f5dcf.
[2026-05-01 17:17:18] [INFO    ] discord.gateway: Shard ID None has successfully RESUMED session 97b1e5fcfb0d197b3aa1fc6dbf2f5dcf.
[2026-05-01 17:35:32] [INFO    ] discord.gateway: Shard ID None has successfully RESUMED session 97b1e5fcfb0d197b3aa1fc6dbf2f5dcf.
[2026-05-01 17:52:05] [INFO    ] discord.gateway: Shard ID None has successfully RESUMED session 97b1e5fcfb0d197b3aa1fc6dbf2f5dcf.
[2026-05-01 18:19:54] [INFO    ] discord.gateway: Shard ID None has successfully RESUMED session 97b1e5fcfb0d197b3aa1fc6dbf2f5dcf.
[2026-05-01 19:48:03] [INFO    ] discord.gateway: Shard ID None has successfully RESUMED session 97b1e5fcfb0d197b3aa1fc6dbf2f5dcf.
[2026-05-01 20:02:13] [INFO    ] discord.gateway: Shard ID None has successfully RESUMED session 97b1e5fcfb0d197b3aa1fc6dbf2f5dcf.
[2026-05-01 20:30:30] [INFO    ] discord.gateway: Shard ID None has successfully RESUMED session 97b1e5fcfb0d197b3aa1fc6dbf2f5dcf.
[2026-05-01 21:26:32] [INFO    ] discord.gateway: Shard ID None has successfully RESUMED session 97b1e5fcfb0d197b3aa1fc6dbf2f5dcf.
[2026-05-01 23:46:33] [INFO    ] discord.gateway: Shard ID None has successfully RESUMED session 97b1e5fcfb0d197b3aa1fc6dbf2f5dcf.
